ERROR mca_set_debug_level : This library was built without debug support.
  If you want to enable debugging, re-build with the --enable-debug option.
mrapi_initialize
mrapi_initialize
MRAPI VERSION=FSL 0.9.3.4
MRAPI VERSION=FSL 0.9.3.4
tid=1, x=22
CREATOR DELETING MUTEX
tid=0, x=22
   Test PASSED
