mrapi_initialize
MRAPI VERSION=FSL 0.9.3.4
************************** node=2, domain=1
PASSED