ERROR mca_set_debug_level : This library was built without debug support.
  If you want to enable debugging, re-build with the --enable-debug option.
MCA_MAX_NODES=16, MCA_MAX_DOMAINS=2, node3 NUM_THREADS=17
testing MCA_MAX_NODES...
run_thread (t=1)...
t=1 initialize
mrapi_initialize
run_thread (t=0)...
t=0 initialize
mrapi_initialize
MRAPI VERSION=FSL 0.9.3.4
t=1 create or get sem
t=1 sem_create
t=1 sem_lock
done=0
MRAPI VERSION=FSL 0.9.3.4
t=0 create or get sem
t=0 sem_create
t=0 sem_lock
done=1
run_thread (t=2)...
t=2 initialize
mrapi_initialize
MRAPI VERSION=FSL 0.9.3.4
t=2 create or get sem
t=2 sem_create
t=2 sem_lock
done=2
run_thread (t=8)...
t=8 initialize
mrapi_initialize
MRAPI VERSION=FSL 0.9.3.4
t=8 create or get sem
t=8 sem_create
t=8 sem_lock
done=3
run_thread (t=4)...
t=4 initialize
mrapi_initialize
run_thread (t=3)...
t=3 initialize
mrapi_initialize
MRAPI VERSION=FSL 0.9.3.4
t=4 create or get sem
t=4 sem_create
t=4 sem_lock
done=4
MRAPI VERSION=FSL 0.9.3.4
t=3 create or get sem
t=3 sem_create
t=3 sem_lock
done=5
run_thread (t=13)...
t=13 initialize
mrapi_initialize
run_thread (t=9)...
t=9 initialize
mrapi_initialize
run_thread (t=10)...
t=10 initialize
mrapi_initialize
run_thread (t=11)...
t=11 initialize
mrapi_initialize
run_thread (t=12)...
t=12 initialize
mrapi_initialize
MRAPI VERSION=FSL 0.9.3.4
t=13 create or get sem
t=13 sem_create
t=13 sem_lock
done=6
MRAPI VERSION=FSL 0.9.3.4
t=9 create or get sem
t=9 sem_create
t=9 sem_lock
done=7
run_thread (t=14)...
t=14 initialize
mrapi_initialize
MRAPI VERSION=FSL 0.9.3.4
t=14 create or get sem
t=14 sem_create
t=14 sem_lock
done=8
run_thread (t=16)...
t=16 initialize
mrapi_initialize
MRAPI VERSION=FSL 0.9.3.4
t=16 create or get sem
t=16 sem_create
t=16 sem_lock
done=9
run_thread (t=5)...
t=5 initialize
mrapi_initialize
MRAPI VERSION=FSL 0.9.3.4
t=5 create or get sem
t=5 sem_create
t=5 sem_lock
done=10
MRAPI VERSION=FSL 0.9.3.4
t=10 create or get sem
t=10 sem_create
t=10 sem_lock
done=11
run_thread (t=6)...
t=6 initialize
mrapi_initialize
MRAPI VERSION=FSL 0.9.3.4
t=6 create or get sem
t=6 sem_create
t=6 sem_lock
done=12
run_thread (t=7)...
t=7 initialize
mrapi_initialize
MRAPI VERSION=FSL 0.9.3.4
t=7 create or get sem
t=7 sem_create
t=7 sem_lock
done=13
MRAPI VERSION=FSL 0.9.3.4
t=11 create or get sem
t=11 sem_create
t=11 sem_lock
done=14
MRAPI VERSION=FSL 0.9.3.4
t=12 create or get sem
t=12 sem_create
t=12 sem_lock
done=15
run_thread (t=15)...
t=15 initialize
mrapi_initialize
t=15 create or get sem
init failed (we expected this for one thread) t=15 status=UNKNOWN ERROR
   Test PASSED
