run_thread tid=1
run_thread tid=0
mrapi_initialize
mrapi_initialize
MRAPI VERSION=FSL 0.9.3.4
MRAPI VERSION=FSL 0.9.3.4
tid=0 rmem_read read_buf=[scatter gather test!!!!]
tid=1 rmem_read read_buf=[scatter gather test!!!!]
   Test PASSED
