ERROR mca_set_debug_level : This library was built without debug support.
  If you want to enable debugging, re-build with the --enable-debug option.
mrapi_initialize
MRAPI VERSION=FSL 0.9.3.4
i=0 read_buf2[i] = [Hello World
]
   Test PASSED
