mrapi_initialize
MRAPI VERSION=FSL 0.9.3.4
PASSED
