ERROR mca_set_debug_level : This library was built without debug support.
  If you want to enable debugging, re-build with the --enable-debug option.
run_thread tid=1run_thread tid=0mrapi_initialize
mrapi_initialize
MRAPI VERSION=FSL 0.9.3.4
MRAPI VERSION=FSL 0.9.3.4
sem exists, try getting it from the other nodeshmem exists, try getting it from the other nodeERROR: mrapi: sys_shmem_detach shmemdt() failed errno:Invalid argument
ERROR: mrapi: sys_shmem_detach shmemdt() failed errno:Invalid argument
   Test PASSED
