ERROR mca_set_debug_level : This library was built without debug support.
  If you want to enable debugging, re-build with the --enable-debug option.
SIGNAL: mrapi received signal[2] pid=2111 tid=0 dindex=0 nindex=0 mrapi_db=0x2b7550464000: Interrupt
