creating sem...
locking sem...
creating and attaching to shmem...
Wrote 1 to shared memory
freeing resources...
