ERROR mca_set_debug_level : This library was built without debug support.
  If you want to enable debugging, re-build with the --enable-debug option.
endpoint=0 has sent: [Hello MCAPI]
endpoint=1 has received: [Hello MCAPI]
endpoint=2 has sent: [Guten Tag MCAPI]
endpoint=3 has received: [Guten Tag MCAPI]
endpoint=0 has sent: [Hola MCAPI]
endpoint=2 has received: [Hola MCAPIMCAPI]
endpoint=3 has sent: [Bonjour MCAPI]
endpoint=1 has received: [Bonjour MCAPIPI]
endpoint=0 has sent: [filling queue...]
endpoint=0 has sent: [filling queue...]
endpoint=0 has sent: [filling queue...]
endpoint=0 has sent: [filling queue...]
endpoint=0 has sent: [filling queue...]
endpoint=0 has sent: [filling queue...]
endpoint=0 has sent: [filling queue...]
endpoint=0 has sent: [filling queue...]
endpoint=0 has sent: [filling queue...]
endpoint=0 has sent: [filling queue...]
endpoint=0 has sent: [filling queue...]
endpoint=0 has sent: [filling queue...]
endpoint=0 has sent: [filling queue...]
endpoint=0 has sent: [filling queue...]
endpoint=0 has sent: [filling queue...]
endpoint=0 has sent: [filling queue...]
endpoint=0 has sent: [filling queue...]
endpoint=0 has sent: [filling queue...]
endpoint=0 has sent: [filling queue...]
endpoint=0 has sent: [filling queue...]
endpoint=0 has sent: [filling queue...]
endpoint=0 has sent: [filling queue...]
endpoint=0 has sent: [filling queue...]
endpoint=0 has sent: [filling queue...]
endpoint=0 has sent: [filling queue...]
endpoint=0 has sent: [filling queue...]
endpoint=0 has sent: [filling queue...]
endpoint=0 has sent: [filling queue...]
endpoint=0 has sent: [filling queue...]
endpoint=0 has sent: [filling queue...]
endpoint=0 has sent: [filling queue...]
endpoint=0 has sent: [filling queue...]
endpoint=0 has sent: [filling queue...]
endpoint=0 has sent: [filling queue...]
endpoint=0 has sent: [filling queue...]
endpoint=0 has sent: [filling queue...]
endpoint=0 has sent: [filling queue...]
endpoint=0 has sent: [filling queue...]
endpoint=0 has sent: [filling queue...]
endpoint=0 has sent: [filling queue...]
endpoint=0 has sent: [filling queue...]
endpoint=0 has sent: [filling queue...]
endpoint=0 has sent: [filling queue...]
endpoint=0 has sent: [filling queue...]
endpoint=0 has sent: [filling queue...]
endpoint=0 has sent: [filling queue...]
endpoint=0 has sent: [filling queue...]
endpoint=0 has sent: [filling queue...]
endpoint=0 has sent: [filling queue...]
endpoint=0 has sent: [filling queue...]
endpoint=0 has sent: [filling queue...]
endpoint=0 has sent: [filling queue...]
endpoint=0 has sent: [filling queue...]
endpoint=0 has sent: [filling queue...]
endpoint=0 has sent: [filling queue...]
endpoint=0 has sent: [filling queue...]
endpoint=0 has sent: [filling queue...]
endpoint=0 has sent: [filling queue...]
endpoint=0 has sent: [filling queue...]
endpoint=0 has sent: [filling queue...]
endpoint=0 has sent: [filling queue...]
endpoint=0 has sent: [filling queue...]
endpoint=0 has sent: [filling queue...]
endpoint=0 has sent: [filling queue...]
   Test PASSED
