ERROR mca_set_debug_level : This library was built without debug support.
  If you want to enable debugging, re-build with the --enable-debug option.
endpoint=0 has sent: [Hello MCAPI]
endpoint=0 has sent: [Hello MCAPI]
endpoint=0 has sent: [Hello MCAPI]
endpoint=0 has sent: [Hello MCAPI]
endpoint=0 has sent: [Hello MCAPI]
endpoint=0 has sent: [Hello MCAPI]
endpoint=0 has sent: [Hello MCAPI]
endpoint=0 has sent: [Hello MCAPI]
endpoint=0 has sent: [Hello MCAPI]
endpoint=0 has sent: [Hello MCAPI]
endpoint=0 has sent: [Hello MCAPI]
endpoint=0 has sent: [Hello MCAPI]
endpoint=0 has sent: [Hello MCAPI]
endpoint=0 has sent: [Hello MCAPI]
endpoint=0 has sent: [Hello MCAPI]
endpoint=0 has sent: [Hello MCAPI]
endpoint=0 has sent: [Hello MCAPI]
endpoint=0 has sent: [Hello MCAPI]
endpoint=0 has sent: [Hello MCAPI]
endpoint=0 has sent: [Hello MCAPI]
endpoint=0 has sent: [Hello MCAPI]
endpoint=0 has sent: [Hello MCAPI]
endpoint=0 has sent: [Hello MCAPI]
endpoint=0 has sent: [Hello MCAPI]
endpoint=0 has sent: [Hello MCAPI]
endpoint=0 has sent: [Hello MCAPI]
endpoint=0 has sent: [Hello MCAPI]
endpoint=0 has sent: [Hello MCAPI]
endpoint=0 has sent: [Hello MCAPI]
endpoint=0 has sent: [Hello MCAPI]
endpoint=0 has sent: [Hello MCAPI]
endpoint=0 has sent: [Hello MCAPI]
endpoint=0 has sent: [Hello MCAPI]
endpoint=0 has sent: [Hello MCAPI]
endpoint=0 has sent: [Hello MCAPI]
endpoint=0 has sent: [Hello MCAPI]
endpoint=0 has sent: [Hello MCAPI]
endpoint=0 has sent: [Hello MCAPI]
endpoint=0 has sent: [Hello MCAPI]
endpoint=0 has sent: [Hello MCAPI]
endpoint=0 has sent: [Hello MCAPI]
endpoint=0 has sent: [Hello MCAPI]
endpoint=0 has sent: [Hello MCAPI]
endpoint=0 has sent: [Hello MCAPI]
endpoint=0 has sent: [Hello MCAPI]
endpoint=0 has sent: [Hello MCAPI]
endpoint=0 has sent: [Hello MCAPI]
endpoint=0 has sent: [Hello MCAPI]
endpoint=0 has sent: [Hello MCAPI]
endpoint=0 has sent: [Hello MCAPI]
endpoint=0 has sent: [Hello MCAPI]
endpoint=0 has sent: [Hello MCAPI]
endpoint=0 has sent: [Hello MCAPI]
endpoint=0 has sent: [Hello MCAPI]
endpoint=0 has sent: [Hello MCAPI]
endpoint=0 has sent: [Hello MCAPI]
endpoint=0 has sent: [Hello MCAPI]
endpoint=0 has sent: [Hello MCAPI]
endpoint=0 has sent: [Hello MCAPI]
endpoint=0 has sent: [Hello MCAPI]
endpoint=0 has sent: [Hello MCAPI]
endpoint=0 has sent: [Hello MCAPI]
endpoint=0 has sent: [Hello MCAPI]
endpoint=0 has sent: [Hello MCAPI]
endpoint=0 has sent: [Hello MCAPI]
endpoint=0 has sent: [Hello MCAPI]
endpoint=0 has sent: [Hello MCAPI]
endpoint=0 has sent: [Hello MCAPI]
endpoint=0 has sent: [Hello MCAPI]
endpoint=0 has sent: [Hello MCAPI]
endpoint=0 has sent: [Hello MCAPI]
endpoint=0 has sent: [Hello MCAPI]
endpoint=0 has sent: [Hello MCAPI]
endpoint=0 has sent: [Hello MCAPI]
endpoint=0 has sent: [Hello MCAPI]
endpoint=0 has sent: [Hello MCAPI]
endpoint=0 has sent: [Hello MCAPI]
endpoint=0 has sent: [Hello MCAPI]
endpoint=0 has sent: [Hello MCAPI]
endpoint=0 has sent: [Hello MCAPI]
endpoint=0 has sent: [Hello MCAPI]
endpoint=0 has sent: [Hello MCAPI]
endpoint=0 has sent: [Hello MCAPI]
endpoint=0 has sent: [Hello MCAPI]
endpoint=0 has sent: [Hello MCAPI]
endpoint=0 has sent: [Hello MCAPI]
endpoint=0 has sent: [Hello MCAPI]
endpoint=0 has sent: [Hello MCAPI]
endpoint=0 has sent: [Hello MCAPI]
endpoint=0 has sent: [Hello MCAPI]
endpoint=0 has sent: [Hello MCAPI]
endpoint=0 has sent: [Hello MCAPI]
endpoint=0 has sent: [Hello MCAPI]
endpoint=0 has sent: [Hello MCAPI]
endpoint=0 has sent: [Hello MCAPI]
endpoint=0 has sent: [Hello MCAPI]
endpoint=0 has sent: [Hello MCAPI]
endpoint=0 has sent: [Hello MCAPI]
endpoint=0 has sent: [Hello MCAPI]
endpoint=0 has sent: [Hello MCAPI]
endpoint=0 has sent: [Hello MCAPI]
endpoint=0 has sent: [Hello MCAPI]
endpoint=0 has sent: [Hello MCAPI]
endpoint=0 has sent: [Hello MCAPI]
endpoint=0 has sent: [Hello MCAPI]
endpoint=0 has sent: [Hello MCAPI]
endpoint=0 has sent: [Hello MCAPI]
endpoint=0 has sent: [Hello MCAPI]
endpoint=0 has sent: [Hello MCAPI]
endpoint=0 has sent: [Hello MCAPI]
endpoint=0 has sent: [Hello MCAPI]
endpoint=0 has sent: [Hello MCAPI]
endpoint=0 has sent: [Hello MCAPI]
endpoint=0 has sent: [Hello MCAPI]
endpoint=0 has sent: [Hello MCAPI]
endpoint=0 has sent: [Hello MCAPI]
endpoint=0 has sent: [Hello MCAPI]
endpoint=0 has sent: [Hello MCAPI]
endpoint=0 has sent: [Hello MCAPI]
endpoint=0 has sent: [Hello MCAPI]
endpoint=0 has sent: [Hello MCAPI]
endpoint=0 has sent: [Hello MCAPI]
endpoint=0 has sent: [Hello MCAPI]
endpoint=0 has sent: [Hello MCAPI]
endpoint=0 has sent: [Hello MCAPI]
endpoint=0 has sent: [Hello MCAPI]
endpoint=0 has sent: [Hello MCAPI]
endpoint=0 has sent: [Hello MCAPI]
endpoint=0 has sent: [Hello MCAPI]
endpoint=0 has sent: [Hello MCAPI]
endpoint=0 has sent: [Hello MCAPI]
endpoint=0 has sent: [Hello MCAPI]
endpoint=0 has sent: [Hello MCAPI]
endpoint=0 has sent: [Hello MCAPI]
endpoint=0 has sent: [Hello MCAPI]
endpoint=0 has sent: [Hello MCAPI]
endpoint=0 has sent: [Hello MCAPI]
endpoint=0 has sent: [Hello MCAPI]
endpoint=0 has sent: [Hello MCAPI]
endpoint=0 has sent: [Hello MCAPI]
endpoint=0 has sent: [Hello MCAPI]
endpoint=0 has sent: [Hello MCAPI]
endpoint=0 has sent: [Hello MCAPI]
endpoint=0 has sent: [Hello MCAPI]
endpoint=0 has sent: [Hello MCAPI]
endpoint=0 has sent: [Hello MCAPI]
endpoint=0 has sent: [Hello MCAPI]
endpoint=0 has sent: [Hello MCAPI]
endpoint=0 has sent: [Hello MCAPI]
endpoint=0 has sent: [Hello MCAPI]
endpoint=0 has sent: [Hello MCAPI]
endpoint=0 has sent: [Hello MCAPI]
endpoint=0 has sent: [Hello MCAPI]
endpoint=0 has sent: [Hello MCAPI]
endpoint=0 has sent: [Hello MCAPI]
endpoint=0 has sent: [Hello MCAPI]
endpoint=0 has sent: [Hello MCAPI]
endpoint=0 has sent: [Hello MCAPI]
endpoint=0 has sent: [Hello MCAPI]
endpoint=0 has sent: [Hello MCAPI]
endpoint=0 has sent: [Hello MCAPI]
endpoint=0 has sent: [Hello MCAPI]
endpoint=0 has sent: [Hello MCAPI]
endpoint=0 has sent: [Hello MCAPI]
endpoint=0 has sent: [Hello MCAPI]
endpoint=0 has sent: [Hello MCAPI]
endpoint=0 has sent: [Hello MCAPI]
endpoint=0 has sent: [Hello MCAPI]
endpoint=0 has sent: [Hello MCAPI]
endpoint=0 has sent: [Hello MCAPI]
endpoint=0 has sent: [Hello MCAPI]
endpoint=0 has sent: [Hello MCAPI]
endpoint=0 has sent: [Hello MCAPI]
endpoint=0 has sent: [Hello MCAPI]
endpoint=0 has sent: [Hello MCAPI]
endpoint=0 has sent: [Hello MCAPI]
endpoint=0 has sent: [Hello MCAPI]
endpoint=0 has sent: [Hello MCAPI]
endpoint=0 has sent: [Hello MCAPI]
endpoint=0 has sent: [Hello MCAPI]
endpoint=0 has sent: [Hello MCAPI]
endpoint=0 has sent: [Hello MCAPI]
endpoint=0 has sent: [Hello MCAPI]
endpoint=0 has sent: [Hello MCAPI]
endpoint=0 has sent: [Hello MCAPI]
endpoint=0 has sent: [Hello MCAPI]
endpoint=0 has sent: [Hello MCAPI]
endpoint=0 has sent: [Hello MCAPI]
endpoint=0 has sent: [Hello MCAPI]
endpoint=0 has sent: [Hello MCAPI]
endpoint=0 has sent: [Hello MCAPI]
endpoint=0 has sent: [Hello MCAPI]
endpoint=0 has sent: [Hello MCAPI]
endpoint=0 has sent: [Hello MCAPI]
endpoint=0 has sent: [Hello MCAPI]
endpoint=0 has sent: [Hello MCAPI]
endpoint=0 has sent: [Hello MCAPI]
endpoint=0 has sent: [Hello MCAPI]
endpoint=0 has sent: [Hello MCAPI]
endpoint=0 has sent: [Hello MCAPI]
endpoint=0 has sent: [Hello MCAPI]
endpoint=0 has sent: [Hello MCAPI]
endpoint=0 has sent: [Hello MCAPI]
endpoint=0 has sent: [Hello MCAPI]
endpoint=0 has sent: [Hello MCAPI]
endpoint=0 has sent: [Hello MCAPI]
endpoint=0 has sent: [Hello MCAPI]
endpoint=0 has sent: [Hello MCAPI]
endpoint=0 has sent: [Hello MCAPI]
endpoint=0 has sent: [Hello MCAPI]
endpoint=0 has sent: [Hello MCAPI]
endpoint=0 has sent: [Hello MCAPI]
endpoint=0 has sent: [Hello MCAPI]
endpoint=0 has sent: [Hello MCAPI]
endpoint=0 has sent: [Hello MCAPI]
endpoint=0 has sent: [Hello MCAPI]
endpoint=0 has sent: [Hello MCAPI]
endpoint=0 has sent: [Hello MCAPI]
endpoint=0 has sent: [Hello MCAPI]
endpoint=0 has sent: [Hello MCAPI]
endpoint=0 has sent: [Hello MCAPI]
endpoint=0 has sent: [Hello MCAPI]
endpoint=0 has sent: [Hello MCAPI]
endpoint=0 has sent: [Hello MCAPI]
endpoint=0 has sent: [Hello MCAPI]
endpoint=0 has sent: [Hello MCAPI]
endpoint=0 has sent: [Hello MCAPI]
endpoint=0 has sent: [Hello MCAPI]
endpoint=0 has sent: [Hello MCAPI]
endpoint=0 has sent: [Hello MCAPI]
endpoint=0 has sent: [Hello MCAPI]
endpoint=0 has sent: [Hello MCAPI]
endpoint=0 has sent: [Hello MCAPI]
endpoint=0 has sent: [Hello MCAPI]
endpoint=0 has sent: [Hello MCAPI]
endpoint=0 has sent: [Hello MCAPI]
endpoint=0 has sent: [Hello MCAPI]
endpoint=0 has sent: [Hello MCAPI]
endpoint=0 has sent: [Hello MCAPI]
endpoint=0 has sent: [Hello MCAPI]
endpoint=0 has sent: [Hello MCAPI]
endpoint=0 has sent: [Hello MCAPI]
endpoint=0 has sent: [Hello MCAPI]
endpoint=0 has sent: [Hello MCAPI]
endpoint=0 has sent: [Hello MCAPI]
endpoint=0 has sent: [Hello MCAPI]
endpoint=0 has sent: [Hello MCAPI]
endpoint=0 has sent: [Hello MCAPI]
endpoint=0 has sent: [Hello MCAPI]
endpoint=0 has sent: [Hello MCAPI]
endpoint=0 has sent: [Hello MCAPI]
endpoint=0 has sent: [Hello MCAPI]
endpoint=0 has sent: [Hello MCAPI]
endpoint=0 has sent: [Hello MCAPI]
endpoint=0 has sent: [Hello MCAPI]
endpoint=0 has sent: [Hello MCAPI]
endpoint=0 has sent: [Hello MCAPI]
endpoint=0 has sent: [Hello MCAPI]
endpoint=0 has sent: [Hello MCAPI]
endpoint=0 has sent: [Hello MCAPI]
endpoint=0 has sent: [Hello MCAPI]
endpoint=0 has sent: [Hello MCAPI]
endpoint=0 has sent: [Hello MCAPI]
endpoint=0 has sent: [Hello MCAPI]
endpoint=0 has sent: [Hello MCAPI]
endpoint=0 has sent: [Hello MCAPI]
endpoint=0 has sent: [Hello MCAPI]
endpoint=0 has sent: [Hello MCAPI]
endpoint=0 has sent: [Hello MCAPI]
endpoint=0 has sent: [Hello MCAPI]
endpoint=0 has sent: [Hello MCAPI]
endpoint=0 has sent: [Hello MCAPI]
endpoint=0 has sent: [Hello MCAPI]
endpoint=0 has sent: [Hello MCAPI]
endpoint=0 has sent: [Hello MCAPI]
endpoint=0 has sent: [Hello MCAPI]
endpoint=0 has sent: [Hello MCAPI]
endpoint=0 has sent: [Hello MCAPI]
endpoint=0 has sent: [Hello MCAPI]
endpoint=0 has sent: [Hello MCAPI]
endpoint=0 has sent: [Hello MCAPI]
endpoint=0 has sent: [Hello MCAPI]
endpoint=0 has sent: [Hello MCAPI]
endpoint=0 has sent: [Hello MCAPI]
endpoint=0 has sent: [Hello MCAPI]
endpoint=0 has sent: [Hello MCAPI]
endpoint=0 has sent: [Hello MCAPI]
endpoint=0 has sent: [Hello MCAPI]
endpoint=0 has sent: [Hello MCAPI]
endpoint=0 has sent: [Hello MCAPI]
endpoint=0 has sent: [Hello MCAPI]
endpoint=0 has sent: [Hello MCAPI]
endpoint=0 has sent: [Hello MCAPI]
endpoint=0 has sent: [Hello MCAPI]
endpoint=0 has sent: [Hello MCAPI]
endpoint=0 has sent: [Hello MCAPI]
endpoint=0 has sent: [Hello MCAPI]
endpoint=0 has sent: [Hello MCAPI]
endpoint=0 has sent: [Hello MCAPI]
endpoint=0 has sent: [Hello MCAPI]
endpoint=0 has sent: [Hello MCAPI]
endpoint=0 has sent: [Hello MCAPI]
endpoint=0 has sent: [Hello MCAPI]
endpoint=0 has sent: [Hello MCAPI]
endpoint=0 has sent: [Hello MCAPI]
endpoint=0 has sent: [Hello MCAPI]
endpoint=0 has sent: [Hello MCAPI]
endpoint=0 has sent: [Hello MCAPI]
endpoint=0 has sent: [Hello MCAPI]
endpoint=0 has sent: [Hello MCAPI]
endpoint=0 has sent: [Hello MCAPI]
endpoint=0 has sent: [Hello MCAPI]
endpoint=0 has sent: [Hello MCAPI]
endpoint=0 has sent: [Hello MCAPI]
endpoint=0 has sent: [Hello MCAPI]
endpoint=0 has sent: [Hello MCAPI]
endpoint=0 has sent: [Hello MCAPI]
endpoint=0 has sent: [Hello MCAPI]
endpoint=0 has sent: [Hello MCAPI]
endpoint=0 has sent: [Hello MCAPI]
endpoint=0 has sent: [Hello MCAPI]
endpoint=0 has sent: [Hello MCAPI]
endpoint=0 has sent: [Hello MCAPI]
endpoint=0 has sent: [Hello MCAPI]
endpoint=0 has sent: [Hello MCAPI]
endpoint=0 has sent: [Hello MCAPI]
endpoint=0 has sent: [Hello MCAPI]
endpoint=0 has sent: [Hello MCAPI]
endpoint=0 has sent: [Hello MCAPI]
endpoint=0 has sent: [Hello MCAPI]
endpoint=0 has sent: [Hello MCAPI]
endpoint=0 has sent: [Hello MCAPI]
endpoint=0 has sent: [Hello MCAPI]
endpoint=0 has sent: [Hello MCAPI]
endpoint=0 has sent: [Hello MCAPI]
endpoint=0 has sent: [Hello MCAPI]
endpoint=0 has sent: [Hello MCAPI]
endpoint=0 has sent: [Hello MCAPI]
endpoint=0 has sent: [Hello MCAPI]
endpoint=0 has sent: [Hello MCAPI]
endpoint=0 has sent: [Hello MCAPI]
endpoint=0 has sent: [Hello MCAPI]
endpoint=0 has sent: [Hello MCAPI]
endpoint=0 has sent: [Hello MCAPI]
endpoint=0 has sent: [Hello MCAPI]
endpoint=0 has sent: [Hello MCAPI]
endpoint=0 has sent: [Hello MCAPI]
endpoint=0 has sent: [Hello MCAPI]
endpoint=0 has sent: [Hello MCAPI]
endpoint=0 has sent: [Hello MCAPI]
endpoint=0 has sent: [Hello MCAPI]
endpoint=0 has sent: [Hello MCAPI]
endpoint=0 has sent: [Hello MCAPI]
endpoint=0 has sent: [Hello MCAPI]
endpoint=0 has sent: [Hello MCAPI]
endpoint=0 has sent: [Hello MCAPI]
endpoint=0 has sent: [Hello MCAPI]
endpoint=0 has sent: [Hello MCAPI]
endpoint=0 has sent: [Hello MCAPI]
endpoint=0 has sent: [Hello MCAPI]
endpoint=0 has sent: [Hello MCAPI]
endpoint=0 has sent: [Hello MCAPI]
endpoint=0 has sent: [Hello MCAPI]
endpoint=0 has sent: [Hello MCAPI]
endpoint=0 has sent: [Hello MCAPI]
endpoint=0 has sent: [Hello MCAPI]
endpoint=0 has sent: [Hello MCAPI]
endpoint=0 has sent: [Hello MCAPI]
endpoint=0 has sent: [Hello MCAPI]
endpoint=0 has sent: [Hello MCAPI]
endpoint=0 has sent: [Hello MCAPI]
endpoint=0 has sent: [Hello MCAPI]
endpoint=0 has sent: [Hello MCAPI]
endpoint=0 has sent: [Hello MCAPI]
endpoint=0 has sent: [Hello MCAPI]
endpoint=0 has sent: [Hello MCAPI]
endpoint=0 has sent: [Hello MCAPI]
endpoint=0 has sent: [Hello MCAPI]
endpoint=0 has sent: [Hello MCAPI]
endpoint=0 has sent: [Hello MCAPI]
endpoint=0 has sent: [Hello MCAPI]
endpoint=0 has sent: [Hello MCAPI]
endpoint=0 has sent: [Hello MCAPI]
endpoint=0 has sent: [Hello MCAPI]
endpoint=0 has sent: [Hello MCAPI]
endpoint=0 has sent: [Hello MCAPI]
endpoint=0 has sent: [Hello MCAPI]
endpoint=0 has sent: [Hello MCAPI]
endpoint=0 has sent: [Hello MCAPI]
endpoint=0 has sent: [Hello MCAPI]
endpoint=0 has sent: [Hello MCAPI]
endpoint=0 has sent: [Hello MCAPI]
endpoint=0 has sent: [Hello MCAPI]
endpoint=0 has sent: [Hello MCAPI]
endpoint=0 has sent: [Hello MCAPI]
endpoint=0 has sent: [Hello MCAPI]
endpoint=0 has sent: [Hello MCAPI]
endpoint=0 has sent: [Hello MCAPI]
endpoint=0 has sent: [Hello MCAPI]
endpoint=0 has sent: [Hello MCAPI]
endpoint=0 has sent: [Hello MCAPI]
endpoint=0 has sent: [Hello MCAPI]
endpoint=0 has sent: [Hello MCAPI]
endpoint=0 has sent: [Hello MCAPI]
endpoint=0 has sent: [Hello MCAPI]
endpoint=0 has sent: [Hello MCAPI]
endpoint=0 has sent: [Hello MCAPI]
endpoint=0 has sent: [Hello MCAPI]
endpoint=0 has sent: [Hello MCAPI]
endpoint=0 has sent: [Hello MCAPI]
endpoint=0 has sent: [Hello MCAPI]
endpoint=0 has sent: [Hello MCAPI]
endpoint=0 has sent: [Hello MCAPI]
endpoint=0 has sent: [Hello MCAPI]
endpoint=0 has sent: [Hello MCAPI]
endpoint=0 has sent: [Hello MCAPI]
endpoint=0 has sent: [Hello MCAPI]
endpoint=0 has sent: [Hello MCAPI]
endpoint=0 has sent: [Hello MCAPI]
endpoint=0 has sent: [Hello MCAPI]
endpoint=0 has sent: [Hello MCAPI]
endpoint=0 has sent: [Hello MCAPI]
endpoint=0 has sent: [Hello MCAPI]
endpoint=0 has sent: [Hello MCAPI]
endpoint=0 has sent: [Hello MCAPI]
endpoint=0 has sent: [Hello MCAPI]
endpoint=0 has sent: [Hello MCAPI]
endpoint=0 has sent: [Hello MCAPI]
endpoint=0 has sent: [Hello MCAPI]
endpoint=0 has sent: [Hello MCAPI]
endpoint=0 has sent: [Hello MCAPI]
endpoint=0 has sent: [Hello MCAPI]
endpoint=0 has sent: [Hello MCAPI]
endpoint=0 has sent: [Hello MCAPI]
endpoint=0 has sent: [Hello MCAPI]
endpoint=0 has sent: [Hello MCAPI]
endpoint=0 has sent: [Hello MCAPI]
endpoint=0 has sent: [Hello MCAPI]
endpoint=0 has sent: [Hello MCAPI]
endpoint=0 has sent: [Hello MCAPI]
endpoint=0 has sent: [Hello MCAPI]
endpoint=0 has sent: [Hello MCAPI]
endpoint=0 has sent: [Hello MCAPI]
endpoint=0 has sent: [Hello MCAPI]
endpoint=0 has sent: [Hello MCAPI]
endpoint=0 has sent: [Hello MCAPI]
endpoint=0 has sent: [Hello MCAPI]
endpoint=0 has sent: [Hello MCAPI]
endpoint=0 has sent: [Hello MCAPI]
endpoint=0 has sent: [Hello MCAPI]
endpoint=0 has sent: [Hello MCAPI]
endpoint=0 has sent: [Hello MCAPI]
endpoint=0 has sent: [Hello MCAPI]
endpoint=0 has sent: [Hello MCAPI]
endpoint=0 has sent: [Hello MCAPI]
endpoint=0 has sent: [Hello MCAPI]
endpoint=0 has sent: [Hello MCAPI]
endpoint=0 has sent: [Hello MCAPI]
endpoint=0 has sent: [Hello MCAPI]
endpoint=0 has sent: [Hello MCAPI]
endpoint=0 has sent: [Hello MCAPI]
endpoint=0 has sent: [Hello MCAPI]
endpoint=0 has sent: [Hello MCAPI]
endpoint=0 has sent: [Hello MCAPI]
endpoint=0 has sent: [Hello MCAPI]
endpoint=0 has sent: [Hello MCAPI]
endpoint=0 has sent: [Hello MCAPI]
endpoint=0 has sent: [Hello MCAPI]
endpoint=0 has sent: [Hello MCAPI]
endpoint=0 has sent: [Hello MCAPI]
endpoint=0 has sent: [Hello MCAPI]
endpoint=0 has sent: [Hello MCAPI]
endpoint=0 has sent: [Hello MCAPI]
endpoint=0 has sent: [Hello MCAPI]
endpoint=0 has sent: [Hello MCAPI]
endpoint=0 has sent: [Hello MCAPI]
endpoint=0 has sent: [Hello MCAPI]
endpoint=0 has sent: [Hello MCAPI]
endpoint=0 has sent: [Hello MCAPI]
endpoint=0 has sent: [Hello MCAPI]
endpoint=0 has sent: [Hello MCAPI]
endpoint=0 has sent: [Hello MCAPI]
endpoint=0 has sent: [Hello MCAPI]
endpoint=0 has sent: [Hello MCAPI]
endpoint=0 has sent: [Hello MCAPI]
endpoint=0 has sent: [Hello MCAPI]
endpoint=0 has sent: [Hello MCAPI]
endpoint=0 has sent: [Hello MCAPI]
endpoint=0 has sent: [Hello MCAPI]
endpoint=0 has sent: [Hello MCAPI]
endpoint=0 has sent: [Hello MCAPI]
endpoint=0 has sent: [Hello MCAPI]
endpoint=0 has sent: [Hello MCAPI]
endpoint=0 has sent: [Hello MCAPI]
endpoint=0 has sent: [Hello MCAPI]
endpoint=0 has sent: [Hello MCAPI]
endpoint=0 has sent: [Hello MCAPI]
endpoint=0 has sent: [Hello MCAPI]
endpoint=0 has sent: [Hello MCAPI]
endpoint=0 has sent: [Hello MCAPI]
endpoint=0 has sent: [Hello MCAPI]
endpoint=0 has sent: [Hello MCAPI]
endpoint=0 has sent: [Hello MCAPI]
endpoint=0 has sent: [Hello MCAPI]
endpoint=0 has sent: [Hello MCAPI]
endpoint=0 has sent: [Hello MCAPI]
endpoint=0 has sent: [Hello MCAPI]
endpoint=0 has sent: [Hello MCAPI]
endpoint=0 has sent: [Hello MCAPI]
endpoint=0 has sent: [Hello MCAPI]
endpoint=0 has sent: [Hello MCAPI]
endpoint=0 has sent: [Hello MCAPI]
endpoint=0 has sent: [Hello MCAPI]
endpoint=0 has sent: [Hello MCAPI]
endpoint=0 has sent: [Hello MCAPI]
endpoint=0 has sent: [Hello MCAPI]
endpoint=0 has sent: [Hello MCAPI]
endpoint=0 has sent: [Hello MCAPI]
endpoint=0 has sent: [Hello MCAPI]
endpoint=0 has sent: [Hello MCAPI]
endpoint=0 has sent: [Hello MCAPI]
endpoint=0 has sent: [Hello MCAPI]
endpoint=0 has sent: [Hello MCAPI]
endpoint=0 has sent: [Hello MCAPI]
endpoint=0 has sent: [Hello MCAPI]
endpoint=0 has sent: [Hello MCAPI]
endpoint=0 has sent: [Hello MCAPI]
endpoint=0 has sent: [Hello MCAPI]
endpoint=0 has sent: [Hello MCAPI]
endpoint=0 has sent: [Hello MCAPI]
endpoint=0 has sent: [Hello MCAPI]
endpoint=0 has sent: [Hello MCAPI]
endpoint=0 has sent: [Hello MCAPI]
endpoint=0 has sent: [Hello MCAPI]
endpoint=0 has sent: [Hello MCAPI]
endpoint=0 has sent: [Hello MCAPI]
endpoint=0 has sent: [Hello MCAPI]
endpoint=0 has sent: [Hello MCAPI]
endpoint=0 has sent: [Hello MCAPI]
endpoint=0 has sent: [Hello MCAPI]
endpoint=0 has sent: [Hello MCAPI]
endpoint=0 has sent: [Hello MCAPI]
endpoint=0 has sent: [Hello MCAPI]
endpoint=0 has sent: [Hello MCAPI]
endpoint=0 has sent: [Hello MCAPI]
endpoint=0 has sent: [Hello MCAPI]
endpoint=0 has sent: [Hello MCAPI]
endpoint=0 has sent: [Hello MCAPI]
endpoint=0 has sent: [Hello MCAPI]
endpoint=0 has sent: [Hello MCAPI]
endpoint=0 has sent: [Hello MCAPI]
endpoint=0 has sent: [Hello MCAPI]
endpoint=0 has sent: [Hello MCAPI]
endpoint=0 has sent: [Hello MCAPI]
endpoint=0 has sent: [Hello MCAPI]
endpoint=0 has sent: [Hello MCAPI]
endpoint=0 has sent: [Hello MCAPI]
endpoint=0 has sent: [Hello MCAPI]
endpoint=0 has sent: [Hello MCAPI]
endpoint=0 has sent: [Hello MCAPI]
endpoint=0 has sent: [Hello MCAPI]
endpoint=0 has sent: [Hello MCAPI]
endpoint=0 has sent: [Hello MCAPI]
endpoint=0 has sent: [Hello MCAPI]
endpoint=0 has sent: [Hello MCAPI]
endpoint=0 has sent: [Hello MCAPI]
endpoint=0 has sent: [Hello MCAPI]
endpoint=0 has sent: [Hello MCAPI]
endpoint=0 has sent: [Hello MCAPI]
endpoint=0 has sent: [Hello MCAPI]
endpoint=0 has sent: [Hello MCAPI]
endpoint=0 has sent: [Hello MCAPI]
endpoint=0 has sent: [Hello MCAPI]
endpoint=0 has sent: [Hello MCAPI]
endpoint=0 has sent: [Hello MCAPI]
endpoint=0 has sent: [Hello MCAPI]
endpoint=0 has sent: [Hello MCAPI]
endpoint=0 has sent: [Hello MCAPI]
endpoint=0 has sent: [Hello MCAPI]
endpoint=0 has sent: [Hello MCAPI]
endpoint=0 has sent: [Hello MCAPI]
endpoint=0 has sent: [Hello MCAPI]
endpoint=0 has sent: [Hello MCAPI]
endpoint=0 has sent: [Hello MCAPI]
endpoint=0 has sent: [Hello MCAPI]
endpoint=0 has sent: [Hello MCAPI]
endpoint=0 has sent: [Hello MCAPI]
endpoint=0 has sent: [Hello MCAPI]
endpoint=0 has sent: [Hello MCAPI]
endpoint=0 has sent: [Hello MCAPI]
endpoint=0 has sent: [Hello MCAPI]
endpoint=0 has sent: [Hello MCAPI]
endpoint=0 has sent: [Hello MCAPI]
endpoint=0 has sent: [Hello MCAPI]
endpoint=0 has sent: [Hello MCAPI]
endpoint=0 has sent: [Hello MCAPI]
endpoint=0 has sent: [Hello MCAPI]
endpoint=0 has sent: [Hello MCAPI]
endpoint=0 has sent: [Hello MCAPI]
endpoint=0 has sent: [Hello MCAPI]
endpoint=0 has sent: [Hello MCAPI]
endpoint=0 has sent: [Hello MCAPI]
endpoint=0 has sent: [Hello MCAPI]
endpoint=0 has sent: [Hello MCAPI]
endpoint=0 has sent: [Hello MCAPI]
endpoint=0 has sent: [Hello MCAPI]
endpoint=0 has sent: [Hello MCAPI]
endpoint=0 has sent: [Hello MCAPI]
endpoint=0 has sent: [Hello MCAPI]
endpoint=0 has sent: [Hello MCAPI]
endpoint=0 has sent: [Hello MCAPI]
endpoint=0 has sent: [Hello MCAPI]
endpoint=0 has sent: [Hello MCAPI]
endpoint=0 has sent: [Hello MCAPI]
endpoint=0 has sent: [Hello MCAPI]
endpoint=0 has sent: [Hello MCAPI]
endpoint=0 has sent: [Hello MCAPI]
endpoint=0 has sent: [Hello MCAPI]
endpoint=0 has sent: [Hello MCAPI]
endpoint=0 has sent: [Hello MCAPI]
endpoint=0 has sent: [Hello MCAPI]
endpoint=0 has sent: [Hello MCAPI]
endpoint=0 has sent: [Hello MCAPI]
endpoint=0 has sent: [Hello MCAPI]
endpoint=0 has sent: [Hello MCAPI]
endpoint=0 has sent: [Hello MCAPI]
endpoint=0 has sent: [Hello MCAPI]
endpoint=0 has sent: [Hello MCAPI]
endpoint=0 has sent: [Hello MCAPI]
endpoint=0 has sent: [Hello MCAPI]
endpoint=0 has sent: [Hello MCAPI]
endpoint=0 has sent: [Hello MCAPI]
endpoint=0 has sent: [Hello MCAPI]
endpoint=0 has sent: [Hello MCAPI]
endpoint=0 has sent: [Hello MCAPI]
endpoint=0 has sent: [Hello MCAPI]
endpoint=0 has sent: [Hello MCAPI]
endpoint=0 has sent: [Hello MCAPI]
endpoint=0 has sent: [Hello MCAPI]
endpoint=0 has sent: [Hello MCAPI]
endpoint=0 has sent: [Hello MCAPI]
endpoint=0 has sent: [Hello MCAPI]
endpoint=0 has sent: [Hello MCAPI]
endpoint=0 has sent: [Hello MCAPI]
endpoint=0 has sent: [Hello MCAPI]
endpoint=0 has sent: [Hello MCAPI]
endpoint=0 has sent: [Hello MCAPI]
endpoint=0 has sent: [Hello MCAPI]
endpoint=0 has sent: [Hello MCAPI]
endpoint=0 has sent: [Hello MCAPI]
endpoint=0 has sent: [Hello MCAPI]
endpoint=0 has sent: [Hello MCAPI]
endpoint=0 has sent: [Hello MCAPI]
endpoint=0 has sent: [Hello MCAPI]
endpoint=0 has sent: [Hello MCAPI]
endpoint=0 has sent: [Hello MCAPI]
endpoint=0 has sent: [Hello MCAPI]
endpoint=0 has sent: [Hello MCAPI]
endpoint=0 has sent: [Hello MCAPI]
endpoint=0 has sent: [Hello MCAPI]
endpoint=0 has sent: [Hello MCAPI]
endpoint=0 has sent: [Hello MCAPI]
endpoint=0 has sent: [Hello MCAPI]
endpoint=0 has sent: [Hello MCAPI]
endpoint=0 has sent: [Hello MCAPI]
endpoint=0 has sent: [Hello MCAPI]
endpoint=0 has sent: [Hello MCAPI]
endpoint=0 has sent: [Hello MCAPI]
endpoint=0 has sent: [Hello MCAPI]
endpoint=0 has sent: [Hello MCAPI]
endpoint=0 has sent: [Hello MCAPI]
endpoint=0 has sent: [Hello MCAPI]
endpoint=0 has sent: [Hello MCAPI]
endpoint=0 has sent: [Hello MCAPI]
endpoint=0 has sent: [Hello MCAPI]
endpoint=0 has sent: [Hello MCAPI]
endpoint=0 has sent: [Hello MCAPI]
endpoint=0 has sent: [Hello MCAPI]
endpoint=0 has sent: [Hello MCAPI]
endpoint=0 has sent: [Hello MCAPI]
endpoint=0 has sent: [Hello MCAPI]
endpoint=0 has sent: [Hello MCAPI]
endpoint=0 has sent: [Hello MCAPI]
endpoint=0 has sent: [Hello MCAPI]
endpoint=0 has sent: [Hello MCAPI]
endpoint=0 has sent: [Hello MCAPI]
endpoint=0 has sent: [Hello MCAPI]
endpoint=0 has sent: [Hello MCAPI]
endpoint=0 has sent: [Hello MCAPI]
endpoint=0 has sent: [Hello MCAPI]
endpoint=0 has sent: [Hello MCAPI]
endpoint=0 has sent: [Hello MCAPI]
endpoint=0 has sent: [Hello MCAPI]
endpoint=0 has sent: [Hello MCAPI]
endpoint=0 has sent: [Hello MCAPI]
endpoint=0 has sent: [Hello MCAPI]
endpoint=0 has sent: [Hello MCAPI]
endpoint=0 has sent: [Hello MCAPI]
endpoint=0 has sent: [Hello MCAPI]
endpoint=0 has sent: [Hello MCAPI]
endpoint=0 has sent: [Hello MCAPI]
endpoint=0 has sent: [Hello MCAPI]
endpoint=0 has sent: [Hello MCAPI]
endpoint=0 has sent: [Hello MCAPI]
endpoint=0 has sent: [Hello MCAPI]
endpoint=0 has sent: [Hello MCAPI]
endpoint=0 has sent: [Hello MCAPI]
endpoint=0 has sent: [Hello MCAPI]
endpoint=0 has sent: [Hello MCAPI]
endpoint=0 has sent: [Hello MCAPI]
endpoint=0 has sent: [Hello MCAPI]
endpoint=0 has sent: [Hello MCAPI]
endpoint=0 has sent: [Hello MCAPI]
endpoint=0 has sent: [Hello MCAPI]
endpoint=0 has sent: [Hello MCAPI]
endpoint=0 has sent: [Hello MCAPI]
endpoint=0 has sent: [Hello MCAPI]
endpoint=0 has sent: [Hello MCAPI]
endpoint=0 has sent: [Hello MCAPI]
endpoint=0 has sent: [Hello MCAPI]
endpoint=0 has sent: [Hello MCAPI]
endpoint=0 has sent: [Hello MCAPI]
endpoint=0 has sent: [Hello MCAPI]
endpoint=0 has sent: [Hello MCAPI]
endpoint=0 has sent: [Hello MCAPI]
endpoint=0 has sent: [Hello MCAPI]
endpoint=0 has sent: [Hello MCAPI]
endpoint=0 has sent: [Hello MCAPI]
endpoint=0 has sent: [Hello MCAPI]
endpoint=0 has sent: [Hello MCAPI]
endpoint=0 has sent: [Hello MCAPI]
endpoint=0 has sent: [Hello MCAPI]
endpoint=0 has sent: [Hello MCAPI]
endpoint=0 has sent: [Hello MCAPI]
endpoint=0 has sent: [Hello MCAPI]
endpoint=0 has sent: [Hello MCAPI]
endpoint=0 has sent: [Hello MCAPI]
endpoint=0 has sent: [Hello MCAPI]
endpoint=0 has sent: [Hello MCAPI]
endpoint=0 has sent: [Hello MCAPI]
endpoint=0 has sent: [Hello MCAPI]
endpoint=0 has sent: [Hello MCAPI]
endpoint=0 has sent: [Hello MCAPI]
endpoint=0 has sent: [Hello MCAPI]
endpoint=0 has sent: [Hello MCAPI]
endpoint=0 has sent: [Hello MCAPI]
endpoint=0 has sent: [Hello MCAPI]
endpoint=0 has sent: [Hello MCAPI]
endpoint=0 has sent: [Hello MCAPI]
endpoint=0 has sent: [Hello MCAPI]
endpoint=0 has sent: [Hello MCAPI]
endpoint=0 has sent: [Hello MCAPI]
endpoint=0 has sent: [Hello MCAPI]
endpoint=0 has sent: [Hello MCAPI]
endpoint=0 has sent: [Hello MCAPI]
endpoint=0 has sent: [Hello MCAPI]
endpoint=0 has sent: [Hello MCAPI]
endpoint=0 has sent: [Hello MCAPI]
endpoint=0 has sent: [Hello MCAPI]
endpoint=0 has sent: [Hello MCAPI]
endpoint=0 has sent: [Hello MCAPI]
endpoint=0 has sent: [Hello MCAPI]
endpoint=0 has sent: [Hello MCAPI]
endpoint=0 has sent: [Hello MCAPI]
endpoint=0 has sent: [Hello MCAPI]
endpoint=0 has sent: [Hello MCAPI]
endpoint=0 has sent: [Hello MCAPI]
endpoint=0 has sent: [Hello MCAPI]
endpoint=0 has sent: [Hello MCAPI]
endpoint=0 has sent: [Hello MCAPI]
endpoint=0 has sent: [Hello MCAPI]
endpoint=0 has sent: [Hello MCAPI]
endpoint=0 has sent: [Hello MCAPI]
endpoint=0 has sent: [Hello MCAPI]
endpoint=0 has sent: [Hello MCAPI]
endpoint=0 has sent: [Hello MCAPI]
endpoint=0 has sent: [Hello MCAPI]
endpoint=0 has sent: [Hello MCAPI]
endpoint=0 has sent: [Hello MCAPI]
endpoint=0 has sent: [Hello MCAPI]
endpoint=0 has sent: [Hello MCAPI]
endpoint=0 has sent: [Hello MCAPI]
endpoint=0 has sent: [Hello MCAPI]
endpoint=0 has sent: [Hello MCAPI]
endpoint=0 has sent: [Hello MCAPI]
endpoint=0 has sent: [Hello MCAPI]
endpoint=0 has sent: [Hello MCAPI]
endpoint=0 has sent: [Hello MCAPI]
endpoint=0 has sent: [Hello MCAPI]
endpoint=0 has sent: [Hello MCAPI]
endpoint=0 has sent: [Hello MCAPI]
endpoint=0 has sent: [Hello MCAPI]
endpoint=0 has sent: [Hello MCAPI]
endpoint=0 has sent: [Hello MCAPI]
endpoint=0 has sent: [Hello MCAPI]
endpoint=0 has sent: [Hello MCAPI]
endpoint=0 has sent: [Hello MCAPI]
endpoint=0 has sent: [Hello MCAPI]
endpoint=0 has sent: [Hello MCAPI]
endpoint=0 has sent: [Hello MCAPI]
endpoint=0 has sent: [Hello MCAPI]
endpoint=0 has sent: [Hello MCAPI]
endpoint=0 has sent: [Hello MCAPI]
endpoint=0 has sent: [Hello MCAPI]
endpoint=0 has sent: [Hello MCAPI]
endpoint=0 has sent: [Hello MCAPI]
endpoint=0 has sent: [Hello MCAPI]
endpoint=0 has sent: [Hello MCAPI]
endpoint=0 has sent: [Hello MCAPI]
endpoint=0 has sent: [Hello MCAPI]
endpoint=0 has sent: [Hello MCAPI]
endpoint=0 has sent: [Hello MCAPI]
endpoint=0 has sent: [Hello MCAPI]
endpoint=0 has sent: [Hello MCAPI]
endpoint=0 has sent: [Hello MCAPI]
endpoint=0 has sent: [Hello MCAPI]
endpoint=0 has sent: [Hello MCAPI]
endpoint=0 has sent: [Hello MCAPI]
endpoint=0 has sent: [Hello MCAPI]
endpoint=0 has sent: [Hello MCAPI]
endpoint=0 has sent: [Hello MCAPI]
endpoint=0 has sent: [Hello MCAPI]
endpoint=0 has sent: [Hello MCAPI]
endpoint=0 has sent: [Hello MCAPI]
endpoint=0 has sent: [Hello MCAPI]
endpoint=0 has sent: [Hello MCAPI]
endpoint=0 has sent: [Hello MCAPI]
endpoint=0 has sent: [Hello MCAPI]
endpoint=0 has sent: [Hello MCAPI]
endpoint=0 has sent: [Hello MCAPI]
endpoint=0 has sent: [Hello MCAPI]
endpoint=0 has sent: [Hello MCAPI]
endpoint=0 has sent: [Hello MCAPI]
endpoint=0 has sent: [Hello MCAPI]
endpoint=0 has sent: [Hello MCAPI]
endpoint=0 has sent: [Hello MCAPI]
endpoint=0 has sent: [Hello MCAPI]
endpoint=0 has sent: [Hello MCAPI]
endpoint=0 has sent: [Hello MCAPI]
endpoint=0 has sent: [Hello MCAPI]
endpoint=0 has sent: [Hello MCAPI]
endpoint=0 has sent: [Hello MCAPI]
endpoint=0 has sent: [Hello MCAPI]
endpoint=0 has sent: [Hello MCAPI]
endpoint=0 has sent: [Hello MCAPI]
endpoint=0 has sent: [Hello MCAPI]
endpoint=0 has sent: [Hello MCAPI]
endpoint=0 has sent: [Hello MCAPI]
endpoint=0 has sent: [Hello MCAPI]
endpoint=0 has sent: [Hello MCAPI]
endpoint=0 has sent: [Hello MCAPI]
endpoint=0 has sent: [Hello MCAPI]
endpoint=0 has sent: [Hello MCAPI]
endpoint=0 has sent: [Hello MCAPI]
endpoint=0 has sent: [Hello MCAPI]
endpoint=0 has sent: [Hello MCAPI]
endpoint=0 has sent: [Hello MCAPI]
endpoint=0 has sent: [Hello MCAPI]
endpoint=0 has sent: [Hello MCAPI]
endpoint=0 has sent: [Hello MCAPI]
endpoint=0 has sent: [Hello MCAPI]
endpoint=0 has sent: [Hello MCAPI]
endpoint=0 has sent: [Hello MCAPI]
endpoint=0 has sent: [Hello MCAPI]
endpoint=0 has sent: [Hello MCAPI]
endpoint=0 has sent: [Hello MCAPI]
endpoint=0 has sent: [Hello MCAPI]
endpoint=0 has sent: [Hello MCAPI]
endpoint=0 has sent: [Hello MCAPI]
endpoint=0 has sent: [Hello MCAPI]
endpoint=0 has sent: [Hello MCAPI]
endpoint=0 has sent: [Hello MCAPI]
endpoint=0 has sent: [Hello MCAPI]
endpoint=0 has sent: [Hello MCAPI]
endpoint=0 has sent: [Hello MCAPI]
endpoint=0 has sent: [Hello MCAPI]
endpoint=0 has sent: [Hello MCAPI]
endpoint=0 has sent: [Hello MCAPI]
endpoint=0 has sent: [Hello MCAPI]
endpoint=0 has sent: [Hello MCAPI]
endpoint=0 has sent: [Hello MCAPI]
endpoint=0 has sent: [Hello MCAPI]
endpoint=0 has sent: [Hello MCAPI]
endpoint=0 has sent: [Hello MCAPI]
endpoint=0 has sent: [Hello MCAPI]
endpoint=0 has sent: [Hello MCAPI]
endpoint=0 has sent: [Hello MCAPI]
endpoint=0 has sent: [Hello MCAPI]
endpoint=0 has sent: [Hello MCAPI]
endpoint=0 has sent: [Hello MCAPI]
endpoint=0 has sent: [Hello MCAPI]
endpoint=0 has sent: [Hello MCAPI]
endpoint=0 has sent: [Hello MCAPI]
endpoint=0 has sent: [Hello MCAPI]
endpoint=0 has sent: [Hello MCAPI]
endpoint=0 has sent: [Hello MCAPI]
endpoint=0 has sent: [Hello MCAPI]
endpoint=0 has sent: [Hello MCAPI]
endpoint=0 has sent: [Hello MCAPI]
endpoint=0 has sent: [Hello MCAPI]
endpoint=0 has sent: [Hello MCAPI]
endpoint=0 has sent: [Hello MCAPI]
endpoint=0 has sent: [Hello MCAPI]
endpoint=0 has sent: [Hello MCAPI]
endpoint=0 has sent: [Hello MCAPI]
endpoint=0 has sent: [Hello MCAPI]
endpoint=0 has sent: [Hello MCAPI]
endpoint=0 has sent: [Hello MCAPI]
endpoint=0 has sent: [Hello MCAPI]
endpoint=0 has sent: [Hello MCAPI]
endpoint=0 has sent: [Hello MCAPI]
endpoint=0 has sent: [Hello MCAPI]
endpoint=0 has sent: [Hello MCAPI]
endpoint=0 has sent: [Hello MCAPI]
endpoint=0 has sent: [Hello MCAPI]
endpoint=0 has sent: [Hello MCAPI]
endpoint=0 has sent: [Hello MCAPI]
endpoint=0 has sent: [Hello MCAPI]
endpoint=0 has sent: [Hello MCAPI]
endpoint=0 has sent: [Hello MCAPI]
endpoint=0 has sent: [Hello MCAPI]
endpoint=0 has sent: [Hello MCAPI]
endpoint=0 has sent: [Hello MCAPI]
endpoint=0 has sent: [Hello MCAPI]
endpoint=0 has sent: [Hello MCAPI]
endpoint=0 has sent: [Hello MCAPI]
endpoint=0 has sent: [Hello MCAPI]
endpoint=0 has sent: [Hello MCAPI]
endpoint=0 has sent: [Hello MCAPI]
endpoint=0 has sent: [Hello MCAPI]
endpoint=0 has sent: [Hello MCAPI]
endpoint=0 has sent: [Hello MCAPI]
endpoint=0 has sent: [Hello MCAPI]
endpoint=0 has sent: [Hello MCAPI]
endpoint=0 has sent: [Hello MCAPI]
endpoint=0 has sent: [Hello MCAPI]
endpoint=0 has sent: [Hello MCAPI]
endpoint=0 has sent: [Hello MCAPI]
endpoint=0 has sent: [Hello MCAPI]
endpoint=0 has sent: [Hello MCAPI]
endpoint=0 has sent: [Hello MCAPI]
endpoint=0 has sent: [Hello MCAPI]
endpoint=0 has sent: [Hello MCAPI]
endpoint=0 has sent: [Hello MCAPI]
endpoint=0 has sent: [Hello MCAPI]
endpoint=0 has sent: [Hello MCAPI]
endpoint=0 has sent: [Hello MCAPI]
endpoint=0 has sent: [Hello MCAPI]
endpoint=0 has sent: [Hello MCAPI]
endpoint=0 has sent: [Hello MCAPI]
endpoint=0 has sent: [Hello MCAPI]
endpoint=0 has sent: [Hello MCAPI]
endpoint=0 has sent: [Hello MCAPI]
endpoint=0 has sent: [Hello MCAPI]
endpoint=0 has sent: [Hello MCAPI]
endpoint=0 has sent: [Hello MCAPI]
endpoint=0 has sent: [Hello MCAPI]
endpoint=0 has sent: [Hello MCAPI]
endpoint=0 has sent: [Hello MCAPI]
endpoint=0 has sent: [Hello MCAPI]
endpoint=0 has sent: [Hello MCAPI]
endpoint=0 has sent: [Hello MCAPI]
endpoint=0 has sent: [Hello MCAPI]
endpoint=0 has sent: [Hello MCAPI]
endpoint=0 has sent: [Hello MCAPI]
endpoint=0 has sent: [Hello MCAPI]
endpoint=0 has sent: [Hello MCAPI]
endpoint=0 has sent: [Hello MCAPI]
endpoint=0 has sent: [Hello MCAPI]
endpoint=0 has sent: [Hello MCAPI]
endpoint=0 has sent: [Hello MCAPI]
endpoint=0 has sent: [Hello MCAPI]
endpoint=0 has sent: [Hello MCAPI]
endpoint=0 has sent: [Hello MCAPI]
endpoint=0 has sent: [Hello MCAPI]
endpoint=0 has sent: [Hello MCAPI]
endpoint=0 has sent: [Hello MCAPI]
endpoint=0 has sent: [Hello MCAPI]
endpoint=0 has sent: [Hello MCAPI]
endpoint=0 has sent: [Hello MCAPI]
endpoint=0 has sent: [Hello MCAPI]
endpoint=0 has sent: [Hello MCAPI]
endpoint=0 has sent: [Hello MCAPI]
endpoint=0 has sent: [Hello MCAPI]
endpoint=0 has sent: [Hello MCAPI]
endpoint=0 has sent: [Hello MCAPI]
endpoint=0 has sent: [Hello MCAPI]
endpoint=0 has sent: [Hello MCAPI]
endpoint=0 has sent: [Hello MCAPI]
endpoint=0 has sent: [Hello MCAPI]
endpoint=0 has sent: [Hello MCAPI]
endpoint=0 has sent: [Hello MCAPI]
endpoint=0 has sent: [Hello MCAPI]
endpoint=0 has sent: [Hello MCAPI]
endpoint=0 has sent: [Hello MCAPI]
endpoint=0 has sent: [Hello MCAPI]
endpoint=0 has sent: [Hello MCAPI]
endpoint=0 has sent: [Hello MCAPI]
endpoint=0 has sent: [Hello MCAPI]
endpoint=0 has sent: [Hello MCAPI]
endpoint=0 has sent: [Hello MCAPI]
endpoint=0 has sent: [Hello MCAPI]
endpoint=0 has sent: [Hello MCAPI]
endpoint=0 has sent: [Hello MCAPI]
endpoint=0 has sent: [Hello MCAPI]
endpoint=0 has sent: [Hello MCAPI]
endpoint=0 has sent: [Hello MCAPI]
endpoint=0 has sent: [Hello MCAPI]
endpoint=0 has sent: [Hello MCAPI]
endpoint=0 has sent: [Hello MCAPI]
endpoint=0 has sent: [Hello MCAPI]
endpoint=0 has sent: [Hello MCAPI]
endpoint=0 has sent: [Hello MCAPI]
endpoint=0 has sent: [Hello MCAPI]
endpoint=0 has sent: [Hello MCAPI]
endpoint=0 has sent: [Hello MCAPI]
endpoint=0 has sent: [Hello MCAPI]
endpoint=0 has sent: [Hello MCAPI]
endpoint=0 has sent: [Hello MCAPI]
endpoint=0 has sent: [Hello MCAPI]
endpoint=0 has sent: [Hello MCAPI]
endpoint=0 has sent: [Hello MCAPI]
endpoint=0 has sent: [Hello MCAPI]
endpoint=0 has sent: [Hello MCAPI]
endpoint=0 has sent: [Hello MCAPI]
endpoint=0 has sent: [Hello MCAPI]
endpoint=0 has sent: [Hello MCAPI]
endpoint=0 has sent: [Hello MCAPI]
endpoint=0 has sent: [Hello MCAPI]
endpoint=0 has sent: [Hello MCAPI]
endpoint=0 has sent: [Hello MCAPI]
endpoint=0 has sent: [Hello MCAPI]
endpoint=0 has sent: [Hello MCAPI]
endpoint=0 has sent: [Hello MCAPI]
endpoint=0 has sent: [Hello MCAPI]
endpoint=0 has sent: [Hello MCAPI]
endpoint=0 has sent: [Hello MCAPI]
endpoint=0 has sent: [Hello MCAPI]
endpoint=0 has sent: [Hello MCAPI]
endpoint=0 has sent: [Hello MCAPI]
endpoint=0 has sent: [Hello MCAPI]
endpoint=0 has sent: [Hello MCAPI]
endpoint=0 has sent: [Hello MCAPI]
endpoint=0 has sent: [Hello MCAPI]
endpoint=0 has sent: [Hello MCAPI]
endpoint=0 has sent: [Hello MCAPI]
endpoint=0 has sent: [Hello MCAPI]
endpoint=0 has sent: [Hello MCAPI]
endpoint=0 has sent: [Hello MCAPI]
endpoint=0 has sent: [Hello MCAPI]
endpoint=0 has sent: [Hello MCAPI]
endpoint=0 has sent: [Hello MCAPI]
endpoint=0 has sent: [Hello MCAPI]
endpoint=0 has sent: [Hello MCAPI]
endpoint=0 has sent: [Hello MCAPI]
endpoint=0 has sent: [Hello MCAPI]
endpoint=0 has sent: [Hello MCAPI]
endpoint=0 has sent: [Hello MCAPI]
endpoint=0 has sent: [Hello MCAPI]
endpoint=0 has sent: [Hello MCAPI]
endpoint=0 has sent: [Hello MCAPI]
endpoint=0 has sent: [Hello MCAPI]
endpoint=0 has sent: [Hello MCAPI]
endpoint=0 has sent: [Hello MCAPI]
endpoint=0 has sent: [Hello MCAPI]
endpoint=0 has sent: [Hello MCAPI]
endpoint=0 has sent: [Hello MCAPI]
endpoint=0 has sent: [Hello MCAPI]
endpoint=0 has sent: [Hello MCAPI]
endpoint=0 has sent: [Hello MCAPI]
endpoint=0 has sent: [Hello MCAPI]
endpoint=0 has sent: [Hello MCAPI]
endpoint=0 has sent: [Hello MCAPI]
endpoint=0 has sent: [Hello MCAPI]
endpoint=0 has sent: [Hello MCAPI]
endpoint=0 has sent: [Hello MCAPI]
endpoint=0 has sent: [Hello MCAPI]
endpoint=0 has sent: [Hello MCAPI]
endpoint=0 has sent: [Hello MCAPI]
endpoint=0 has sent: [Hello MCAPI]
endpoint=0 has sent: [Hello MCAPI]
endpoint=0 has sent: [Hello MCAPI]
endpoint=0 has sent: [Hello MCAPI]
endpoint=0 has sent: [Hello MCAPI]
endpoint=0 has sent: [Hello MCAPI]
endpoint=0 has sent: [Hello MCAPI]
endpoint=0 has sent: [Hello MCAPI]
endpoint=0 has sent: [Hello MCAPI]
nr=1088
endpoint=1 has received: [Hello MCAPI]
   Test PASSED
