ERROR mca_set_debug_level : This library was built without debug support.
  If you want to enable debugging, re-build with the --enable-debug option.
//1) run_thread: tid=0
//1) run_thread: tid=1
//tid 1 sending...
//tid 0 receiving...
//recv...
//send...
//endpoint=256 has received: [//Guten tag MCAPI from ep:0 to ep:256 tid:1]
//endpoint=0 has sent: [//Guten tag MCAPI from ep:0 to ep:256 tid:1]
  //TEST passed
