ERROR mca_set_debug_level : This library was built without debug support.
  If you want to enable debugging, re-build with the --enable-debug option.
tid=1, x=22
tid=0, x=22
CREATOR DELETING MUTEX
   Test PASSED
