************************** node=2, domain=1
PASSED