run_thread tid=1
run_thread tid=0
tid=1 rmem_read read_buf=[Hello World from thread 0]
tid=0 rmem_read read_buf=[Hello World from thread 1]
   Test PASSED
