ERROR mca_set_debug_level : This library was built without debug support.
  If you want to enable debugging, re-build with the --enable-debug option.
run_thread tid=0
run_thread tid=1
rmem exists, try getting it from the other nodeother thread done writing: tid=1 rmem_read read_buf=[V]
tid=1 rmem_read read_buf=[Hello World from thread 0 i=0]
tid=1 rmem_read read_buf=[Hello World from thread 0 i=1]
tid=1 rmem_read read_buf=[Hello World from thread 0 i=2]
tid=1 rmem_read read_buf=[Hello World from thread 0 i=3]
tid=1 rmem_read read_buf=[Hello World from thread 0 i=4]
tid=1 rmem_read read_buf=[Hello World from thread 0 i=5]
tid=1 rmem_read read_buf=[Hello World from thread 0 i=6]
tid=1 rmem_read read_buf=[Hello World from thread 0 i=7]
tid=1 rmem_read read_buf=[Hello World from thread 0 i=8]
tid=1 rmem_read read_buf=[Hello World from thread 0 i=9]
tid=1 rmem_read read_buf=[Hello World from thread 0 i=10]
tid=1 rmem_read read_buf=[Hello World from thread 0 i=11]
tid=1 rmem_read read_buf=[Hello World from thread 0 i=12]
tid=1 rmem_read read_buf=[Hello World from thread 0 i=13]
tid=1 rmem_read read_buf=[Hello World from thread 0 i=14]
tid=1 rmem_read read_buf=[Hello World from thread 0 i=15]
tid=1 rmem_read read_buf=[Hello World from thread 0 i=16]
tid=1 rmem_read read_buf=[Hello World from thread 0 i=17]
tid=1 rmem_read read_buf=[Hello World from thread 0 i=18]
tid=1 rmem_read read_buf=[Hello World from thread 0 i=19]
tid=1 rmem_read read_buf=[Hello World from thread 0 i=20]
tid=1 rmem_read read_buf=[Hello World from thread 0 i=21]
tid=1 rmem_read read_buf=[Hello World from thread 0 i=22]
tid=1 rmem_read read_buf=[Hello World from thread 0 i=23]
tid=1 rmem_read read_buf=[Hello World from thread 0 i=24]
tid=1 rmem_read read_buf=[Hello World from thread 0 i=25]
tid=1 rmem_read read_buf=[Hello World from thread 0 i=26]
tid=1 rmem_read read_buf=[Hello World from thread 0 i=27]
tid=1 rmem_read read_buf=[Hello World from thread 0 i=28]
tid=1 rmem_read read_buf=[Hello World from thread 0 i=29]
tid=1 rmem_read read_buf=[Hello World from thread 0 i=30]
tid=1 rmem_read read_buf=[Hello World from thread 0 i=31]
tid=1 rmem_read read_buf=[Hello World from thread 0 i=32]
tid=1 rmem_read read_buf=[Hello World from thread 0 i=33]
tid=1 rmem_read read_buf=[Hello World from thread 0 i=34]
tid=1 rmem_read read_buf=[Hello World from thread 0 i=35]
tid=1 rmem_read read_buf=[Hello World from thread 0 i=36]
tid=1 rmem_read read_buf=[Hello World from thread 0 i=37]
tid=1 rmem_read read_buf=[Hello World from thread 0 i=38]
tid=1 rmem_read read_buf=[Hello World from thread 0 i=39]
tid=1 rmem_read read_buf=[Hello World from thread 0 i=40]
tid=1 rmem_read read_buf=[Hello World from thread 0 i=41]
tid=1 rmem_read read_buf=[Hello World from thread 0 i=42]
tid=1 rmem_read read_buf=[Hello World from thread 0 i=43]
tid=1 rmem_read read_buf=[Hello World from thread 0 i=44]
tid=1 rmem_read read_buf=[Hello World from thread 0 i=45]
tid=1 rmem_read read_buf=[Hello World from thread 0 i=46]
tid=1 rmem_read read_buf=[Hello World from thread 0 i=47]
tid=1 rmem_read read_buf=[Hello World from thread 0 i=48]
tid=1 rmem_read read_buf=[Hello World from thread 0 i=49]
other thread done writing: tid=0 rmem_read read_buf=[V]
tid=0 rmem_read read_buf=[Hello World from thread 1 i=0]
tid=0 rmem_read read_buf=[Hello World from thread 1 i=1]
tid=0 rmem_read read_buf=[Hello World from thread 1 i=2]
tid=0 rmem_read read_buf=[Hello World from thread 1 i=3]
tid=0 rmem_read read_buf=[Hello World from thread 1 i=4]
tid=0 rmem_read read_buf=[Hello World from thread 1 i=5]
tid=0 rmem_read read_buf=[Hello World from thread 1 i=6]
tid=0 rmem_read read_buf=[Hello World from thread 1 i=7]
tid=0 rmem_read read_buf=[Hello World from thread 1 i=8]
tid=0 rmem_read read_buf=[Hello World from thread 1 i=9]
tid=0 rmem_read read_buf=[Hello World from thread 1 i=10]
tid=0 rmem_read read_buf=[Hello World from thread 1 i=11]
tid=0 rmem_read read_buf=[Hello World from thread 1 i=12]
tid=0 rmem_read read_buf=[Hello World from thread 1 i=13]
tid=0 rmem_read read_buf=[Hello World from thread 1 i=14]
tid=0 rmem_read read_buf=[Hello World from thread 1 i=15]
tid=0 rmem_read read_buf=[Hello World from thread 1 i=16]
tid=0 rmem_read read_buf=[Hello World from thread 1 i=17]
tid=0 rmem_read read_buf=[Hello World from thread 1 i=18]
tid=0 rmem_read read_buf=[Hello World from thread 1 i=19]
tid=0 rmem_read read_buf=[Hello World from thread 1 i=20]
tid=0 rmem_read read_buf=[Hello World from thread 1 i=21]
tid=0 rmem_read read_buf=[Hello World from thread 1 i=22]
tid=0 rmem_read read_buf=[Hello World from thread 1 i=23]
tid=0 rmem_read read_buf=[Hello World from thread 1 i=24]
tid=0 rmem_read read_buf=[Hello World from thread 1 i=25]
tid=0 rmem_read read_buf=[Hello World from thread 1 i=26]
tid=0 rmem_read read_buf=[Hello World from thread 1 i=27]
tid=0 rmem_read read_buf=[Hello World from thread 1 i=28]
tid=0 rmem_read read_buf=[Hello World from thread 1 i=29]
tid=0 rmem_read read_buf=[Hello World from thread 1 i=30]
tid=0 rmem_read read_buf=[Hello World from thread 1 i=31]
tid=0 rmem_read read_buf=[Hello World from thread 1 i=32]
tid=0 rmem_read read_buf=[Hello World from thread 1 i=33]
tid=0 rmem_read read_buf=[Hello World from thread 1 i=34]
tid=0 rmem_read read_buf=[Hello World from thread 1 i=35]
tid=0 rmem_read read_buf=[Hello World from thread 1 i=36]
tid=0 rmem_read read_buf=[Hello World from thread 1 i=37]
tid=0 rmem_read read_buf=[Hello World from thread 1 i=38]
tid=0 rmem_read read_buf=[Hello World from thread 1 i=39]
tid=0 rmem_read read_buf=[Hello World from thread 1 i=40]
tid=0 rmem_read read_buf=[Hello World from thread 1 i=41]
tid=0 rmem_read read_buf=[Hello World from thread 1 i=42]
tid=0 rmem_read read_buf=[Hello World from thread 1 i=43]
tid=0 rmem_read read_buf=[Hello World from thread 1 i=44]
tid=0 rmem_read read_buf=[Hello World from thread 1 i=45]
tid=0 rmem_read read_buf=[Hello World from thread 1 i=46]
tid=0 rmem_read read_buf=[Hello World from thread 1 i=47]
tid=0 rmem_read read_buf=[Hello World from thread 1 i=48]
tid=0 rmem_read read_buf=[Hello World from thread 1 i=49]
other thread done reading: tid=1 rmem_read read_buf=[V]
other thread done reading: tid=0 rmem_read read_buf=[V]
   Test PASSED
