ERROR mca_set_debug_level : This library was built without debug support.
  If you want to enable debugging, re-build with the --enable-debug option.
ERROR: mrapi: sys_shmem_detach shmemdt() failed errno:Invalid argument
   Test PASSED
