ERROR mca_set_debug_level : This library was built without debug support.
  If you want to enable debugging, re-build with the --enable-debug option.
s=MCAPI_ERR_REQUEST_INVALID   Test PASSED
